// Jest Snapshot v1, https://goo.gl/fbAQLP

exports[`Tile Component it should match the snapshot 1`] = `
<DocumentFragment>
  <div
    class="m-tile"
  />
</DocumentFragment>
`;
