// Jest Snapshot v1, https://goo.gl/fbAQLP

exports[`Test HelpTooltip Component Snapshot renders correctly 1`] = `
<HelpTooltip>
  Text
</HelpTooltip>
`;
